Archive member included to satisfy reference by file (symbol)

c:/st/stm32cubeide_1.0.1/stm32cubeide/plugins/com.st.stm32cube.ide.mcu.externaltools.gnu-tools-for-stm32.7-2018-q2-update.win32_1.0.0.201904181610/tools/bin/../lib/gcc/arm-none-eabi/7.3.1/../../../../arm-none-eabi/lib/thumb/v7-m\libc_nano.a(lib_a-errno.o)
                              Src/syscalls.o (__errno)
c:/st/stm32cubeide_1.0.1/stm32cubeide/plugins/com.st.stm32cube.ide.mcu.externaltools.gnu-tools-for-stm32.7-2018-q2-update.win32_1.0.0.201904181610/tools/bin/../lib/gcc/arm-none-eabi/7.3.1/../../../../arm-none-eabi/lib/thumb/v7-m\libc_nano.a(lib_a-exit.o)
                              c:/st/stm32cubeide_1.0.1/stm32cubeide/plugins/com.st.stm32cube.ide.mcu.externaltools.gnu-tools-for-stm32.7-2018-q2-update.win32_1.0.0.201904181610/tools/bin/../lib/gcc/arm-none-eabi/7.3.1/../../../../arm-none-eabi/lib/thumb/v7-m/crt0.o (exit)
c:/st/stm32cubeide_1.0.1/stm32cubeide/plugins/com.st.stm32cube.ide.mcu.externaltools.gnu-tools-for-stm32.7-2018-q2-update.win32_1.0.0.201904181610/tools/bin/../lib/gcc/arm-none-eabi/7.3.1/../../../../arm-none-eabi/lib/thumb/v7-m\libc_nano.a(lib_a-impure.o)
                              c:/st/stm32cubeide_1.0.1/stm32cubeide/plugins/com.st.stm32cube.ide.mcu.externaltools.gnu-tools-for-stm32.7-2018-q2-update.win32_1.0.0.201904181610/tools/bin/../lib/gcc/arm-none-eabi/7.3.1/../../../../arm-none-eabi/lib/thumb/v7-m\libc_nano.a(lib_a-exit.o) (_global_impure_ptr)
c:/st/stm32cubeide_1.0.1/stm32cubeide/plugins/com.st.stm32cube.ide.mcu.externaltools.gnu-tools-for-stm32.7-2018-q2-update.win32_1.0.0.201904181610/tools/bin/../lib/gcc/arm-none-eabi/7.3.1/../../../../arm-none-eabi/lib/thumb/v7-m\libc_nano.a(lib_a-init.o)
                              c:/st/stm32cubeide_1.0.1/stm32cubeide/plugins/com.st.stm32cube.ide.mcu.externaltools.gnu-tools-for-stm32.7-2018-q2-update.win32_1.0.0.201904181610/tools/bin/../lib/gcc/arm-none-eabi/7.3.1/../../../../arm-none-eabi/lib/thumb/v7-m/crt0.o (__libc_init_array)
c:/st/stm32cubeide_1.0.1/stm32cubeide/plugins/com.st.stm32cube.ide.mcu.externaltools.gnu-tools-for-stm32.7-2018-q2-update.win32_1.0.0.201904181610/tools/bin/../lib/gcc/arm-none-eabi/7.3.1/../../../../arm-none-eabi/lib/thumb/v7-m\libc_nano.a(lib_a-memset.o)
                              c:/st/stm32cubeide_1.0.1/stm32cubeide/plugins/com.st.stm32cube.ide.mcu.externaltools.gnu-tools-for-stm32.7-2018-q2-update.win32_1.0.0.201904181610/tools/bin/../lib/gcc/arm-none-eabi/7.3.1/../../../../arm-none-eabi/lib/thumb/v7-m/crt0.o (memset)

Allocating common symbols
Common symbol       size              file

uwTick              0x4               Drivers/STM32F1xx_HAL_Driver/Src/stm32f1xx_hal.o
pFlash              0x20              Drivers/STM32F1xx_HAL_Driver/Src/stm32f1xx_hal_flash.o
htim1               0x40              Src/main.o

Discarded input sections

 .text          0x0000000000000000        0x0 c:/st/stm32cubeide_1.0.1/stm32cubeide/plugins/com.st.stm32cube.ide.mcu.externaltools.gnu-tools-for-stm32.7-2018-q2-update.win32_1.0.0.201904181610/tools/bin/../lib/gcc/arm-none-eabi/7.3.1/thumb/v7-m/crti.o
 .data          0x0000000000000000        0x0 c:/st/stm32cubeide_1.0.1/stm32cubeide/plugins/com.st.stm32cube.ide.mcu.externaltools.gnu-tools-for-stm32.7-2018-q2-update.win32_1.0.0.201904181610/tools/bin/../lib/gcc/arm-none-eabi/7.3.1/thumb/v7-m/crti.o
 .bss           0x0000000000000000        0x0 c:/st/stm32cubeide_1.0.1/stm32cubeide/plugins/com.st.stm32cube.ide.mcu.externaltools.gnu-tools-for-stm32.7-2018-q2-update.win32_1.0.0.201904181610/tools/bin/../lib/gcc/arm-none-eabi/7.3.1/thumb/v7-m/crti.o
 .data          0x0000000000000000        0x4 c:/st/stm32cubeide_1.0.1/stm32cubeide/plugins/com.st.stm32cube.ide.mcu.externaltools.gnu-tools-for-stm32.7-2018-q2-update.win32_1.0.0.201904181610/tools/bin/../lib/gcc/arm-none-eabi/7.3.1/thumb/v7-m/crtbegin.o
 .text          0x0000000000000000       0x74 c:/st/stm32cubeide_1.0.1/stm32cubeide/plugins/com.st.stm32cube.ide.mcu.externaltools.gnu-tools-for-stm32.7-2018-q2-update.win32_1.0.0.201904181610/tools/bin/../lib/gcc/arm-none-eabi/7.3.1/../../../../arm-none-eabi/lib/thumb/v7-m/crt0.o
 .data          0x0000000000000000        0x0 c:/st/stm32cubeide_1.0.1/stm32cubeide/plugins/com.st.stm32cube.ide.mcu.externaltools.gnu-tools-for-stm32.7-2018-q2-update.win32_1.0.0.201904181610/tools/bin/../lib/gcc/arm-none-eabi/7.3.1/../../../../arm-none-eabi/lib/thumb/v7-m/crt0.o
 .bss           0x0000000000000000        0x0 c:/st/stm32cubeide_1.0.1/stm32cubeide/plugins/com.st.stm32cube.ide.mcu.externaltools.gnu-tools-for-stm32.7-2018-q2-update.win32_1.0.0.201904181610/tools/bin/../lib/gcc/arm-none-eabi/7.3.1/../../../../arm-none-eabi/lib/thumb/v7-m/crt0.o
[...]
Memory Configuration

Name             Origin             Length             Attributes
FLASH            0x0000000008000000 0x0000000000010000 xr
RAM              0x0000000020000000 0x0000000000005000 xrw
*default*        0x0000000000000000 0xffffffffffffffff

Linker script and memory map

LOAD c:/st/stm32cubeide_1.0.1/stm32cubeide/plugins/com.st.stm32cube.ide.mcu.externaltools.gnu-tools-for-stm32.7-2018-q2-update.win32_1.0.0.201904181610/tools/bin/../lib/gcc/arm-none-eabi/7.3.1/thumb/v7-m/crti.o
LOAD c:/st/stm32cubeide_1.0.1/stm32cubeide/plugins/com.st.stm32cube.ide.mcu.externaltools.gnu-tools-for-stm32.7-2018-q2-update.win32_1.0.0.201904181610/tools/bin/../lib/gcc/arm-none-eabi/7.3.1/thumb/v7-m/crtbegin.o
LOAD c:/st/stm32cubeide_1.0.1/stm32cubeide/plugins/com.st.stm32cube.ide.mcu.externaltools.gnu-tools-for-stm32.7-2018-q2-update.win32_1.0.0.201904181610/tools/bin/../lib/gcc/arm-none-eabi/7.3.1/../../../../arm-none-eabi/lib/thumb/v7-m/crt0.o
LOAD Drivers/STM32F1xx_HAL_Driver/Src/stm32f1xx_hal.o
LOAD Drivers/STM32F1xx_HAL_Driver/Src/stm32f1xx_hal_cortex.o
LOAD Drivers/STM32F1xx_HAL_Driver/Src/stm32f1xx_hal_dma.o
LOAD Drivers/STM32F1xx_HAL_Driver/Src/stm32f1xx_hal_flash.o
LOAD Drivers/STM32F1xx_HAL_Driver/Src/stm32f1xx_hal_flash_ex.o
LOAD Drivers/STM32F1xx_HAL_Driver/Src/stm32f1xx_hal_gpio.o
LOAD Drivers/STM32F1xx_HAL_Driver/Src/stm32f1xx_hal_gpio_ex.o
LOAD Drivers/STM32F1xx_HAL_Driver/Src/stm32f1xx_hal_pwr.o
LOAD Drivers/STM32F1xx_HAL_Driver/Src/stm32f1xx_hal_rcc.o
LOAD Drivers/STM32F1xx_HAL_Driver/Src/stm32f1xx_hal_rcc_ex.o
LOAD Drivers/STM32F1xx_HAL_Driver/Src/stm32f1xx_hal_tim.o
LOAD Drivers/STM32F1xx_HAL_Driver/Src/stm32f1xx_hal_tim_ex.o
LOAD Src/main.o
LOAD Src/stm32f1xx_hal_msp.o
LOAD Src/stm32f1xx_it.o
LOAD Src/syscalls.o
LOAD Src/sysmem.o
LOAD Src/system_stm32f1xx.o
LOAD Startup/startup_stm32f103c8tx.o
LOAD software/src/SSerial.o
LOAD software/src/delay.o
LOAD software/src/exti.o
LOAD software/src/gpio.o
LOAD software/src/misc.o
LOAD software/src/soft_rcc.o
LOAD software/src/soft_time.o
LOAD software/src/sys.o
START GROUP
LOAD c:/st/stm32cubeide_1.0.1/stm32cubeide/plugins/com.st.stm32cube.ide.mcu.externaltools.gnu-tools-for-stm32.7-2018-q2-update.win32_1.0.0.201904181610/tools/bin/../lib/gcc/arm-none-eabi/7.3.1/../../../../arm-none-eabi/lib/thumb/v7-m\libc_nano.a
LOAD c:/st/stm32cubeide_1.0.1/stm32cubeide/plugins/com.st.stm32cube.ide.mcu.externaltools.gnu-tools-for-stm32.7-2018-q2-update.win32_1.0.0.201904181610/tools/bin/../lib/gcc/arm-none-eabi/7.3.1/../../../../arm-none-eabi/lib/thumb/v7-m\libm.a
END GROUP
START GROUP
LOAD c:/st/stm32cubeide_1.0.1/stm32cubeide/plugins/com.st.stm32cube.ide.mcu.externaltools.gnu-tools-for-stm32.7-2018-q2-update.win32_1.0.0.201904181610/tools/bin/../lib/gcc/arm-none-eabi/7.3.1/thumb/v7-m\libgcc.a
LOAD c:/st/stm32cubeide_1.0.1/stm32cubeide/plugins/com.st.stm32cube.ide.mcu.externaltools.gnu-tools-for-stm32.7-2018-q2-update.win32_1.0.0.201904181610/tools/bin/../lib/gcc/arm-none-eabi/7.3.1/../../../../arm-none-eabi/lib/thumb/v7-m\libc_nano.a
END GROUP
START GROUP
LOAD c:/st/stm32cubeide_1.0.1/stm32cubeide/plugins/com.st.stm32cube.ide.mcu.externaltools.gnu-tools-for-stm32.7-2018-q2-update.win32_1.0.0.201904181610/tools/bin/../lib/gcc/arm-none-eabi/7.3.1/thumb/v7-m\libgcc.a
LOAD c:/st/stm32cubeide_1.0.1/stm32cubeide/plugins/com.st.stm32cube.ide.mcu.externaltools.gnu-tools-for-stm32.7-2018-q2-update.win32_1.0.0.201904181610/tools/bin/../lib/gcc/arm-none-eabi/7.3.1/../../../../arm-none-eabi/lib/thumb/v7-m\libc_nano.a
LOAD c:/st/stm32cubeide_1.0.1/stm32cubeide/plugins/com.st.stm32cube.ide.mcu.externaltools.gnu-tools-for-stm32.7-2018-q2-update.win32_1.0.0.201904181610/tools/bin/../lib/gcc/arm-none-eabi/7.3.1/../../../../arm-none-eabi/lib/thumb/v7-m\libnosys.a
END GROUP
START GROUP
LOAD c:/st/stm32cubeide_1.0.1/stm32cubeide/plugins/com.st.stm32cube.ide.mcu.externaltools.gnu-tools-for-stm32.7-2018-q2-update.win32_1.0.0.201904181610/tools/bin/../lib/gcc/arm-none-eabi/7.3.1/thumb/v7-m\libgcc.a
LOAD c:/st/stm32cubeide_1.0.1/stm32cubeide/plugins/com.st.stm32cube.ide.mcu.externaltools.gnu-tools-for-stm32.7-2018-q2-update.win32_1.0.0.201904181610/tools/bin/../lib/gcc/arm-none-eabi/7.3.1/../../../../arm-none-eabi/lib/thumb/v7-m\libc_nano.a
LOAD c:/st/stm32cubeide_1.0.1/stm32cubeide/plugins/com.st.stm32cube.ide.mcu.externaltools.gnu-tools-for-stm32.7-2018-q2-update.win32_1.0.0.201904181610/tools/bin/../lib/gcc/arm-none-eabi/7.3.1/../../../../arm-none-eabi/lib/thumb/v7-m\libnosys.a
END GROUP
LOAD c:/st/stm32cubeide_1.0.1/stm32cubeide/plugins/com.st.stm32cube.ide.mcu.externaltools.gnu-tools-for-stm32.7-2018-q2-update.win32_1.0.0.201904181610/tools/bin/../lib/gcc/arm-none-eabi/7.3.1/thumb/v7-m/crtend.o
LOAD c:/st/stm32cubeide_1.0.1/stm32cubeide/plugins/com.st.stm32cube.ide.mcu.externaltools.gnu-tools-for-stm32.7-2018-q2-update.win32_1.0.0.201904181610/tools/bin/../lib/gcc/arm-none-eabi/7.3.1/thumb/v7-m/crtn.o
                0x0000000020005000                _estack = 0x20005000
                0x0000000000000200                _Min_Heap_Size = 0x200
                0x0000000000000400                _Min_Stack_Size = 0x400

.isr_vector     0x0000000008000000      0x10c
                0x0000000008000000                . = ALIGN (0x4)
 *(.isr_vector)
 .isr_vector    0x0000000008000000      0x10c Startup/startup_stm32f103c8tx.o
                0x0000000008000000                g_pfnVectors
                0x000000000800010c                . = ALIGN (0x4)

.text           0x000000000800010c     0x23b8
                0x000000000800010c                . = ALIGN (0x4)
 *(.text)
 .text          0x000000000800010c       0x40 c:/st/stm32cubeide_1.0.1/stm32cubeide/plugins/com.st.stm32cube.ide.mcu.externaltools.gnu-tools-for-stm32.7-2018-q2-update.win32_1.0.0.201904181610/tools/bin/../lib/gcc/arm-none-eabi/7.3.1/thumb/v7-m/crtbegin.o
 *(.text*)
 .text.HAL_Init
                0x000000000800014c       0x2c Drivers/STM32F1xx_HAL_Driver/Src/stm32f1xx_hal.o
                0x000000000800014c                HAL_Init
 .text.HAL_InitTick
                0x0000000008000178       0x60 Drivers/STM32F1xx_HAL_Driver/Src/stm32f1xx_hal.o
                0x0000000008000178                HAL_InitTick
 .text.HAL_IncTick
                0x00000000080001d8       0x24 Drivers/STM32F1xx_HAL_Driver/Src/stm32f1xx_hal.o
                0x00000000080001d8                HAL_IncTick
 .text.HAL_GetTick
                0x00000000080001fc       0x14 Drivers/STM32F1xx_HAL_Driver/Src/stm32f1xx_hal.o
                0x00000000080001fc                HAL_GetTick
 .text.NVIC_SetPriorityGrouping
                0x0000000008000210       0x48 Drivers/STM32F1xx_HAL_Driver/Src/stm32f1xx_hal_cortex.o
 .text.NVIC_GetPriorityGrouping
                0x0000000008000258       0x1c Drivers/STM32F1xx_HAL_Driver/Src/stm32f1xx_hal_cortex.o
 .text.NVIC_EnableIRQ
                0x0000000008000274       0x30 Drivers/STM32F1xx_HAL_Driver/Src/stm32f1xx_hal_cortex.o
 .text.NVIC_SetPriority
                0x00000000080002a4       0x54 Drivers/STM32F1xx_HAL_Driver/Src/stm32f1xx_hal_cortex.o
 .text.NVIC_EncodePriority
                0x00000000080002f8       0x64 Drivers/STM32F1xx_HAL_Driver/Src/stm32f1xx_hal_cortex.o
 .text.SysTick_Config
                0x000000000800035c       0x44 Drivers/STM32F1xx_HAL_Driver/Src/stm32f1xx_hal_cortex.o
 .text.HAL_NVIC_SetPriorityGrouping
                0x00000000080003a0       0x16 Drivers/STM32F1xx_HAL_Driver/Src/stm32f1xx_hal_cortex.o
                0x00000000080003a0                HAL_NVIC_SetPriorityGrouping
 .text.HAL_NVIC_SetPriority
                0x00000000080003b6       0x38 Drivers/STM32F1xx_HAL_Driver/Src/stm32f1xx_hal_cortex.o
                0x00000000080003b6                HAL_NVIC_SetPriority
 .text.HAL_NVIC_EnableIRQ
                0x00000000080003ee       0x1c Drivers/STM32F1xx_HAL_Driver/Src/stm32f1xx_hal_cortex.o
                0x00000000080003ee                HAL_NVIC_EnableIRQ
 .text.HAL_SYSTICK_Config
                0x000000000800040a       0x18 Drivers/STM32F1xx_HAL_Driver/Src/stm32f1xx_hal_cortex.o
                0x000000000800040a                HAL_SYSTICK_Config
 *fill*         0x0000000008000422        0x2 
 .text.HAL_GPIO_Init
                0x0000000008000424      0x2bc Drivers/STM32F1xx_HAL_Driver/Src/stm32f1xx_hal_gpio.o
                0x0000000008000424                HAL_GPIO_Init
 .text.HAL_GPIO_WritePin
                0x00000000080006e0       0x30 Drivers/STM32F1xx_HAL_Driver/Src/stm32f1xx_hal_gpio.o
                0x00000000080006e0                HAL_GPIO_WritePin
 .text.HAL_RCC_OscConfig
                0x0000000008000710      0x4c8 Drivers/STM32F1xx_HAL_Driver/Src/stm32f1xx_hal_rcc.o
                0x0000000008000710                HAL_RCC_OscConfig
 .text.HAL_RCC_ClockConfig
                0x0000000008000bd8      0x218 Drivers/STM32F1xx_HAL_Driver/Src/stm32f1xx_hal_rcc.o
                0x0000000008000bd8                HAL_RCC_ClockConfig
 .text.HAL_RCC_EnableCSS
                0x0000000008000df0       0x18 Drivers/STM32F1xx_HAL_Driver/Src/stm32f1xx_hal_rcc.o
                0x0000000008000df0                HAL_RCC_EnableCSS
 .text.HAL_RCC_GetSysClockFreq
                0x0000000008000e08       0xc4 Drivers/STM32F1xx_HAL_Driver/Src/stm32f1xx_hal_rcc.o
                0x0000000008000e08                HAL_RCC_GetSysClockFreq
 .text.RCC_Delay
                0x0000000008000ecc       0x3c Drivers/STM32F1xx_HAL_Driver/Src/stm32f1xx_hal_rcc.o
 .text.HAL_TIM_Base_Init
                0x0000000008000f08       0x56 Drivers/STM32F1xx_HAL_Driver/Src/stm32f1xx_hal_tim.o
                0x0000000008000f08                HAL_TIM_Base_Init
 .text.HAL_TIM_Base_Start_IT
                0x0000000008000f5e       0x34 Drivers/STM32F1xx_HAL_Driver/Src/stm32f1xx_hal_tim.o
                0x0000000008000f5e                HAL_TIM_Base_Start_IT
 .text.HAL_TIM_Base_Stop_IT
                0x0000000008000f92       0x54 Drivers/STM32F1xx_HAL_Driver/Src/stm32f1xx_hal_tim.o
                0x0000000008000f92                HAL_TIM_Base_Stop_IT
 .text.HAL_TIM_IRQHandler
                0x0000000008000fe6      0x210 Drivers/STM32F1xx_HAL_Driver/Src/stm32f1xx_hal_tim.o
                0x0000000008000fe6                HAL_TIM_IRQHandler
 .text.HAL_TIM_ConfigClockSource
                0x00000000080011f6      0x1b6 Drivers/STM32F1xx_HAL_Driver/Src/stm32f1xx_hal_tim.o
                0x00000000080011f6                HAL_TIM_ConfigClockSource
 .text.HAL_TIM_PeriodElapsedCallback
                0x00000000080013ac       0x12 Drivers/STM32F1xx_HAL_Driver/Src/stm32f1xx_hal_tim.o
                0x00000000080013ac                HAL_TIM_PeriodElapsedCallback
 .text.HAL_TIM_OC_DelayElapsedCallback
                0x00000000080013be       0x12 Drivers/STM32F1xx_HAL_Driver/Src/stm32f1xx_hal_tim.o
                0x00000000080013be                HAL_TIM_OC_DelayElapsedCallback
 .text.HAL_TIM_IC_CaptureCallback
                0x00000000080013d0       0x12 Drivers/STM32F1xx_HAL_Driver/Src/stm32f1xx_hal_tim.o
                0x00000000080013d0                HAL_TIM_IC_CaptureCallback
 .text.HAL_TIM_PWM_PulseFinishedCallback
                0x00000000080013e2       0x12 Drivers/STM32F1xx_HAL_Driver/Src/stm32f1xx_hal_tim.o
                0x00000000080013e2                HAL_TIM_PWM_PulseFinishedCallback
 .text.HAL_TIM_TriggerCallback
                0x00000000080013f4       0x12 Drivers/STM32F1xx_HAL_Driver/Src/stm32f1xx_hal_tim.o
                0x00000000080013f4                HAL_TIM_TriggerCallback
 *fill*         0x0000000008001406        0x2 
 .text.TIM_Base_SetConfig
                0x0000000008001408       0xcc Drivers/STM32F1xx_HAL_Driver/Src/stm32f1xx_hal_tim.o
                0x0000000008001408                TIM_Base_SetConfig
 .text.TIM_TI1_ConfigInputStage
                0x00000000080014d4       0x64 Drivers/STM32F1xx_HAL_Driver/Src/stm32f1xx_hal_tim.o
 .text.TIM_TI2_ConfigInputStage
                0x0000000008001538       0x66 Drivers/STM32F1xx_HAL_Driver/Src/stm32f1xx_hal_tim.o
 .text.TIM_ITRx_SetConfig
                0x000000000800159e       0x3e Drivers/STM32F1xx_HAL_Driver/Src/stm32f1xx_hal_tim.o
 .text.TIM_ETR_SetConfig
                0x00000000080015dc       0x42 Drivers/STM32F1xx_HAL_Driver/Src/stm32f1xx_hal_tim.o
 .text.HAL_TIMEx_MasterConfigSynchronization
                0x000000000800161e       0x88 Drivers/STM32F1xx_HAL_Driver/Src/stm32f1xx_hal_tim_ex.o
                0x000000000800161e                HAL_TIMEx_MasterConfigSynchronization
 .text.HAL_TIMEx_CommutationCallback
                0x00000000080016a6       0x12 Drivers/STM32F1xx_HAL_Driver/Src/stm32f1xx_hal_tim_ex.o
                0x00000000080016a6                HAL_TIMEx_CommutationCallback
 .text.HAL_TIMEx_BreakCallback
                0x00000000080016b8       0x12 Drivers/STM32F1xx_HAL_Driver/Src/stm32f1xx_hal_tim_ex.o
                0x00000000080016b8                HAL_TIMEx_BreakCallback
 *fill*         0x00000000080016ca        0x2 
 .text.main     0x00000000080016cc       0x5c Src/main.o
                0x00000000080016cc                main
 .text.SystemClock_Config
                0x0000000008001728       0x8e Src/main.o
                0x0000000008001728                SystemClock_Config
 *fill*         0x00000000080017b6        0x2 
 .text.MX_TIM1_Init
                0x00000000080017b8       0xa0 Src/main.o
 .text.MX_GPIO_Init
                0x0000000008001858       0x98 Src/main.o
 .text.Error_Handler
                0x00000000080018f0        0xc Src/main.o
                0x00000000080018f0                Error_Handler
 .text.HAL_MspInit
                0x00000000080018fc       0x64 Src/stm32f1xx_hal_msp.o
                0x00000000080018fc                HAL_MspInit
 .text.HAL_TIM_Base_MspInit
                0x0000000008001960       0x4c Src/stm32f1xx_hal_msp.o
                0x0000000008001960                HAL_TIM_Base_MspInit
 .text.NMI_Handler
                0x00000000080019ac        0xc Src/stm32f1xx_it.o
                0x00000000080019ac                NMI_Handler
 .text.HardFault_Handler
                0x00000000080019b8        0x6 Src/stm32f1xx_it.o
                0x00000000080019b8                HardFault_Handler
 .text.MemManage_Handler
                0x00000000080019be        0x6 Src/stm32f1xx_it.o
                0x00000000080019be                MemManage_Handler
 .text.BusFault_Handler
                0x00000000080019c4        0x6 Src/stm32f1xx_it.o
                0x00000000080019c4                BusFault_Handler
 .text.UsageFault_Handler
                0x00000000080019ca        0x6 Src/stm32f1xx_it.o
                0x00000000080019ca                UsageFault_Handler
 .text.SVC_Handler
                0x00000000080019d0        0xc Src/stm32f1xx_it.o
                0x00000000080019d0                SVC_Handler
 .text.DebugMon_Handler
                0x00000000080019dc        0xc Src/stm32f1xx_it.o
                0x00000000080019dc                DebugMon_Handler
 .text.PendSV_Handler
                0x00000000080019e8        0xc Src/stm32f1xx_it.o
                0x00000000080019e8                PendSV_Handler
 .text.SysTick_Handler
                0x00000000080019f4        0xc Src/stm32f1xx_it.o
                0x00000000080019f4                SysTick_Handler
 .text.TIM1_UP_IRQHandler
                0x0000000008001a00       0x20 Src/stm32f1xx_it.o
                0x0000000008001a00                TIM1_UP_IRQHandler
 .text.SystemInit
                0x0000000008001a20       0x68 Src/system_stm32f1xx.o
                0x0000000008001a20                SystemInit
 .text.Reset_Handler
                0x0000000008001a88       0x48 Startup/startup_stm32f103c8tx.o
                0x0000000008001a88                Reset_Handler
 .text.Default_Handler
                0x0000000008001ad0        0x2 Startup/startup_stm32f103c8tx.o
                0x0000000008001ad0                RTC_Alarm_IRQHandler
                0x0000000008001ad0                EXTI2_IRQHandler
                0x0000000008001ad0                TIM1_CC_IRQHandler
                0x0000000008001ad0                PVD_IRQHandler
                0x0000000008001ad0                EXTI3_IRQHandler
                0x0000000008001ad0                EXTI0_IRQHandler
                0x0000000008001ad0                I2C2_EV_IRQHandler
                0x0000000008001ad0                ADC1_2_IRQHandler
                0x0000000008001ad0                SPI1_IRQHandler
                0x0000000008001ad0                TAMPER_IRQHandler
                0x0000000008001ad0                DMA1_Channel4_IRQHandler
                0x0000000008001ad0                USART3_IRQHandler
                0x0000000008001ad0                RTC_IRQHandler
                0x0000000008001ad0                DMA1_Channel7_IRQHandler
                0x0000000008001ad0                CAN1_RX1_IRQHandler
                0x0000000008001ad0                I2C1_EV_IRQHandler
                0x0000000008001ad0                DMA1_Channel6_IRQHandler
                0x0000000008001ad0                TIM3_IRQHandler
                0x0000000008001ad0                RCC_IRQHandler
                0x0000000008001ad0                TIM1_TRG_COM_IRQHandler
                0x0000000008001ad0                DMA1_Channel1_IRQHandler
                0x0000000008001ad0                Default_Handler
                0x0000000008001ad0                EXTI9_5_IRQHandler
                0x0000000008001ad0                SPI2_IRQHandler
                0x0000000008001ad0                DMA1_Channel5_IRQHandler
                0x0000000008001ad0                EXTI4_IRQHandler
                0x0000000008001ad0                USB_LP_CAN1_RX0_IRQHandler
                0x0000000008001ad0                USB_HP_CAN1_TX_IRQHandler
                0x0000000008001ad0                DMA1_Channel3_IRQHandler
                0x0000000008001ad0                WWDG_IRQHandler
                0x0000000008001ad0                TIM2_IRQHandler
                0x0000000008001ad0                TIM1_BRK_IRQHandler
                0x0000000008001ad0                EXTI1_IRQHandler
                0x0000000008001ad0                USART2_IRQHandler
                0x0000000008001ad0                I2C2_ER_IRQHandler
                0x0000000008001ad0                DMA1_Channel2_IRQHandler
                0x0000000008001ad0                CAN1_SCE_IRQHandler
                0x0000000008001ad0                FLASH_IRQHandler
                0x0000000008001ad0                USART1_IRQHandler
                0x0000000008001ad0                I2C1_ER_IRQHandler
                0x0000000008001ad0                USBWakeUp_IRQHandler
 .text.IOConfig
                0x0000000008001ad2       0xa4 software/src/SSerial.o
                0x0000000008001ad2                IOConfig
 *fill*         0x0000000008001b76        0x2 
 .text.TIM4_Int_Init
                0x0000000008001b78       0x6c software/src/SSerial.o
                0x0000000008001b78                TIM4_Int_Init
 .text.IO_TXD   0x0000000008001be4       0x68 software/src/SSerial.o
                0x0000000008001be4                IO_TXD
 .text.USART_Send
                0x0000000008001c4c       0x36 software/src/SSerial.o
                0x0000000008001c4c                USART_Send
 *fill*         0x0000000008001c82        0x2 
 .text.EXTI15_10_IRQHandler
                0x0000000008001c84       0x48 software/src/SSerial.o
                0x0000000008001c84                EXTI15_10_IRQHandler
 .text.TIM4_IRQHandler
                0x0000000008001ccc       0xb4 software/src/SSerial.o
                0x0000000008001ccc                TIM4_IRQHandler
 .text.Init_SSerial
                0x0000000008001d80       0x4e software/src/SSerial.o
                0x0000000008001d80                Init_SSerial
 *fill*         0x0000000008001dce        0x2 
 .text.delay_init
                0x0000000008001dd0       0x18 software/src/delay.o
                0x0000000008001dd0                delay_init
 .text.delay_us
                0x0000000008001de8       0x4c software/src/delay.o
                0x0000000008001de8                delay_us
 .text.EXTI_Init
                0x0000000008001e34       0xe4 software/src/exti.o
                0x0000000008001e34                EXTI_Init
 .text.EXTI_GetFlagStatus
                0x0000000008001f18       0x34 software/src/exti.o
                0x0000000008001f18                EXTI_GetFlagStatus
 .text.EXTI_ClearITPendingBit
                0x0000000008001f4c       0x1c software/src/exti.o
                0x0000000008001f4c                EXTI_ClearITPendingBit
 .text.GPIO_Init
                0x0000000008001f68      0x178 software/src/gpio.o
                0x0000000008001f68                GPIO_Init
 .text.GPIO_SetBits
                0x00000000080020e0       0x1c software/src/gpio.o
                0x00000000080020e0                GPIO_SetBits
 .text.GPIO_EXTILineConfig
                0x00000000080020fc       0x80 software/src/gpio.o
                0x00000000080020fc                GPIO_EXTILineConfig
 .text.NVIC_PriorityGroupConfig
                0x000000000800217c       0x24 software/src/misc.o
                0x000000000800217c                NVIC_PriorityGroupConfig
 .text.NVIC_Init
                0x00000000080021a0       0xc4 software/src/misc.o
                0x00000000080021a0                NVIC_Init
 .text.RCC_APB2PeriphClockCmd
                0x0000000008002264       0x3c software/src/soft_rcc.o
                0x0000000008002264                RCC_APB2PeriphClockCmd
 .text.RCC_APB1PeriphClockCmd
                0x00000000080022a0       0x3c software/src/soft_rcc.o
                0x00000000080022a0                RCC_APB1PeriphClockCmd
 .text.SOFT_TIM_TimeBaseInit
                0x00000000080022dc       0x9c software/src/soft_time.o
                0x00000000080022dc                SOFT_TIM_TimeBaseInit
 .text.SOFT_TIM_ClearITPendingBit
                0x0000000008002378       0x20 software/src/soft_time.o
                0x0000000008002378                SOFT_TIM_ClearITPendingBit
 .text.SOFT_TIM_ITConfig
                0x0000000008002398       0x46 software/src/soft_time.o
                0x0000000008002398                SOFT_TIM_ITConfig
 .text.SOFT_TIM_Cmd
                0x00000000080023de       0x3e software/src/soft_time.o
                0x00000000080023de                SOFT_TIM_Cmd
 .text.SOFT_TIM_GetFlagStatus
                0x000000000800241c       0x36 software/src/soft_time.o
                0x000000000800241c                SOFT_TIM_GetFlagStatus
 *fill*         0x0000000008002452        0x2 
 .text.__libc_init_array
                0x0000000008002454       0x48 c:/st/stm32cubeide_1.0.1/stm32cubeide/plugins/com.st.stm32cube.ide.mcu.externaltools.gnu-tools-for-stm32.7-2018-q2-update.win32_1.0.0.201904181610/tools/bin/../lib/gcc/arm-none-eabi/7.3.1/../../../../arm-none-eabi/lib/thumb/v7-m\libc_nano.a(lib_a-init.o)
                0x0000000008002454                __libc_init_array
 .text.memset   0x000000000800249c       0x10 c:/st/stm32cubeide_1.0.1/stm32cubeide/plugins/com.st.stm32cube.ide.mcu.externaltools.gnu-tools-for-stm32.7-2018-q2-update.win32_1.0.0.201904181610/tools/bin/../lib/gcc/arm-none-eabi/7.3.1/../../../../arm-none-eabi/lib/thumb/v7-m\libc_nano.a(lib_a-memset.o)
                0x000000000800249c                memset
 *(.glue_7)
 .glue_7        0x00000000080024ac        0x0 linker stubs
 *(.glue_7t)
 .glue_7t       0x00000000080024ac        0x0 linker stubs
 *(.eh_frame)
 .eh_frame      0x00000000080024ac        0x0 c:/st/stm32cubeide_1.0.1/stm32cubeide/plugins/com.st.stm32cube.ide.mcu.externaltools.gnu-tools-for-stm32.7-2018-q2-update.win32_1.0.0.201904181610/tools/bin/../lib/gcc/arm-none-eabi/7.3.1/thumb/v7-m/crtbegin.o
 *(.init)
 .init          0x00000000080024ac        0x4 c:/st/stm32cubeide_1.0.1/stm32cubeide/plugins/com.st.stm32cube.ide.mcu.externaltools.gnu-tools-for-stm32.7-2018-q2-update.win32_1.0.0.201904181610/tools/bin/../lib/gcc/arm-none-eabi/7.3.1/thumb/v7-m/crti.o
                0x00000000080024ac                _init
 .init          0x00000000080024b0        0x8 c:/st/stm32cubeide_1.0.1/stm32cubeide/plugins/com.st.stm32cube.ide.mcu.externaltools.gnu-tools-for-stm32.7-2018-q2-update.win32_1.0.0.201904181610/tools/bin/../lib/gcc/arm-none-eabi/7.3.1/thumb/v7-m/crtn.o
 *(.fini)
 .fini          0x00000000080024b8        0x4 c:/st/stm32cubeide_1.0.1/stm32cubeide/plugins/com.st.stm32cube.ide.mcu.externaltools.gnu-tools-for-stm32.7-2018-q2-update.win32_1.0.0.201904181610/tools/bin/../lib/gcc/arm-none-eabi/7.3.1/thumb/v7-m/crti.o
                0x00000000080024b8                _fini
 .fini          0x00000000080024bc        0x8 c:/st/stm32cubeide_1.0.1/stm32cubeide/plugins/com.st.stm32cube.ide.mcu.externaltools.gnu-tools-for-stm32.7-2018-q2-update.win32_1.0.0.201904181610/tools/bin/../lib/gcc/arm-none-eabi/7.3.1/thumb/v7-m/crtn.o
                0x00000000080024c4                . = ALIGN (0x4)
                0x00000000080024c4                _etext = .

.vfp11_veneer   0x00000000080024c4        0x0
 .vfp11_veneer  0x00000000080024c4        0x0 linker stubs

.v4_bx          0x00000000080024c4        0x0
 .v4_bx         0x00000000080024c4        0x0 linker stubs

.iplt           0x00000000080024c4        0x0
 .iplt          0x00000000080024c4        0x0 c:/st/stm32cubeide_1.0.1/stm32cubeide/plugins/com.st.stm32cube.ide.mcu.externaltools.gnu-tools-for-stm32.7-2018-q2-update.win32_1.0.0.201904181610/tools/bin/../lib/gcc/arm-none-eabi/7.3.1/thumb/v7-m/crtbegin.o

.rodata         0x00000000080024c4       0x24
                0x00000000080024c4                . = ALIGN (0x4)
 *(.rodata)
 .rodata        0x00000000080024c4       0x12 Drivers/STM32F1xx_HAL_Driver/Src/stm32f1xx_hal_rcc.o
 *(.rodata*)
 *fill*         0x00000000080024d6        0x2 
 .rodata.AHBPrescTable
                0x00000000080024d8       0x10 Src/system_stm32f1xx.o
                0x00000000080024d8                AHBPrescTable
                0x00000000080024e8                . = ALIGN (0x4)

.rel.dyn        0x00000000080024e8        0x0
 .rel.iplt      0x00000000080024e8        0x0 c:/st/stm32cubeide_1.0.1/stm32cubeide/plugins/com.st.stm32cube.ide.mcu.externaltools.gnu-tools-for-stm32.7-2018-q2-update.win32_1.0.0.201904181610/tools/bin/../lib/gcc/arm-none-eabi/7.3.1/thumb/v7-m/crtbegin.o

.ARM.extab      0x00000000080024e8        0x0
                0x00000000080024e8                . = ALIGN (0x4)
 *(.ARM.extab* .gnu.linkonce.armextab.*)
                0x00000000080024e8                . = ALIGN (0x4)

.ARM            0x00000000080024e8        0x0
                0x00000000080024e8                . = ALIGN (0x4)
                0x00000000080024e8                __exidx_start = .
 *(.ARM.exidx*)
                0x00000000080024e8                __exidx_end = .
                0x00000000080024e8                . = ALIGN (0x4)

.preinit_array  0x00000000080024e8        0x0
                0x00000000080024e8                . = ALIGN (0x4)
                0x00000000080024e8                PROVIDE (__preinit_array_start = .)
 *(.preinit_array*)
                0x00000000080024e8                PROVIDE (__preinit_array_end = .)
                0x00000000080024e8                . = ALIGN (0x4)

.init_array     0x00000000080024e8        0x4
                0x00000000080024e8                . = ALIGN (0x4)
                0x00000000080024e8                PROVIDE (__init_array_start = .)
 *(SORT_BY_NAME(.init_array.*))
 *(.init_array*)
 .init_array    0x00000000080024e8        0x4 c:/st/stm32cubeide_1.0.1/stm32cubeide/plugins/com.st.stm32cube.ide.mcu.externaltools.gnu-tools-for-stm32.7-2018-q2-update.win32_1.0.0.201904181610/tools/bin/../lib/gcc/arm-none-eabi/7.3.1/thumb/v7-m/crtbegin.o
                0x00000000080024ec                PROVIDE (__init_array_end = .)
                0x00000000080024ec                . = ALIGN (0x4)

.fini_array     0x00000000080024ec        0x4
                0x00000000080024ec                . = ALIGN (0x4)
                [!provide]                        PROVIDE (__fini_array_start = .)
 *(SORT_BY_NAME(.fini_array.*))
 *(.fini_array*)
 .fini_array    0x00000000080024ec        0x4 c:/st/stm32cubeide_1.0.1/stm32cubeide/plugins/com.st.stm32cube.ide.mcu.externaltools.gnu-tools-for-stm32.7-2018-q2-update.win32_1.0.0.201904181610/tools/bin/../lib/gcc/arm-none-eabi/7.3.1/thumb/v7-m/crtbegin.o
                [!provide]                        PROVIDE (__fini_array_end = .)
                0x00000000080024f0                . = ALIGN (0x4)
                0x00000000080024f0                _sidata = LOADADDR (.data)

.data           0x0000000020000000       0x10 load address 0x00000000080024f0
                0x0000000020000000                . = ALIGN (0x4)
                0x0000000020000000                _sdata = .
 *(.data)
 *(.data*)
 .data.uwTickPrio
                0x0000000020000000        0x4 Drivers/STM32F1xx_HAL_Driver/Src/stm32f1xx_hal.o
                0x0000000020000000                uwTickPrio
 .data.uwTickFreq
                0x0000000020000004        0x1 Drivers/STM32F1xx_HAL_Driver/Src/stm32f1xx_hal.o
                0x0000000020000004                uwTickFreq
 *fill*         0x0000000020000005        0x3 
 .data.SystemCoreClock
                0x0000000020000008        0x4 Src/system_stm32f1xx.o
                0x0000000020000008                SystemCoreClock
 .data.recvStat
                0x000000002000000c        0x1 software/src/SSerial.o
                0x000000002000000c                recvStat
                0x0000000020000010                . = ALIGN (0x4)
 *fill*         0x000000002000000d        0x3 
                0x0000000020000010                _edata = .

.igot.plt       0x0000000020000010        0x0 load address 0x0000000008002500
 .igot.plt      0x0000000020000010        0x0 c:/st/stm32cubeide_1.0.1/stm32cubeide/plugins/com.st.stm32cube.ide.mcu.externaltools.gnu-tools-for-stm32.7-2018-q2-update.win32_1.0.0.201904181610/tools/bin/../lib/gcc/arm-none-eabi/7.3.1/thumb/v7-m/crtbegin.o
                0x0000000020000010                . = ALIGN (0x4)

.bss            0x0000000020000010       0x74 load address 0x0000000008002500
                0x0000000020000010                _sbss = .
                0x0000000020000010                __bss_start__ = _sbss
 *(.bss)
 .bss           0x0000000020000010       0x1c c:/st/stm32cubeide_1.0.1/stm32cubeide/plugins/com.st.stm32cube.ide.mcu.externaltools.gnu-tools-for-stm32.7-2018-q2-update.win32_1.0.0.201904181610/tools/bin/../lib/gcc/arm-none-eabi/7.3.1/thumb/v7-m/crtbegin.o
 *(.bss*)
 .bss.soft_counter
                0x000000002000002c        0x4 Src/main.o
                0x000000002000002c                soft_counter
 .bss.recvData  0x0000000020000030        0x1 software/src/SSerial.o
                0x0000000020000030                recvData
 .bss.len       0x0000000020000031        0x1 software/src/SSerial.o
                0x0000000020000031                len
 *fill*         0x0000000020000032        0x2 
 .bss.USART_buf
                0x0000000020000034        0xb software/src/SSerial.o
                0x0000000020000034                USART_buf
 *(COMMON)
 *fill*         0x000000002000003f        0x1 
 COMMON         0x0000000020000040        0x4 Drivers/STM32F1xx_HAL_Driver/Src/stm32f1xx_hal.o
                0x0000000020000040                uwTick
 COMMON         0x0000000020000044       0x40 Src/main.o
                0x0000000020000044                htim1
                0x0000000020000084                . = ALIGN (0x4)
                0x0000000020000084                _ebss = .
                0x0000000020000084                __bss_end__ = _ebss

._user_heap_stack
                0x0000000020000084      0x604 load address 0x0000000008002500
                0x0000000020000088                . = ALIGN (0x8)
 *fill*         0x0000000020000084        0x4 
                0x0000000020000088                PROVIDE (end = .)
                [!provide]                        PROVIDE (_end = .)
                0x0000000020000288                . = (. + _Min_Heap_Size)
 *fill*         0x0000000020000088      0x200 
                0x0000000020000688                . = (. + _Min_Stack_Size)
 *fill*         0x0000000020000288      0x400 
                0x0000000020000688                . = ALIGN (0x8)

/DISCARD/
 libc.a(*)
 libm.a(*)
 libgcc.a(*)

.ARM.attributes
                0x0000000000000000       0x29
 *(.ARM.attributes)
 .ARM.attributes
                0x0000000000000000       0x1d c:/st/stm32cubeide_1.0.1/stm32cubeide/plugins/com.st.stm32cube.ide.mcu.externaltools.gnu-tools-for-stm32.7-2018-q2-update.win32_1.0.0.201904181610/tools/bin/../lib/gcc/arm-none-eabi/7.3.1/thumb/v7-m/crti.o
 .ARM.attributes
                0x000000000000001d       0x2d c:/st/stm32cubeide_1.0.1/stm32cubeide/plugins/com.st.stm32cube.ide.mcu.externaltools.gnu-tools-for-stm32.7-2018-q2-update.win32_1.0.0.201904181610/tools/bin/../lib/gcc/arm-none-eabi/7.3.1/thumb/v7-m/crtbegin.o
 .ARM.attributes
                0x000000000000004a       0x33 Drivers/STM32F1xx_HAL_Driver/Src/stm32f1xx_hal.o
 .ARM.attributes
                0x000000000000007d       0x33 Drivers/STM32F1xx_HAL_Driver/Src/stm32f1xx_hal_cortex.o
 .ARM.attributes
                0x00000000000000b0       0x33 Drivers/STM32F1xx_HAL_Driver/Src/stm32f1xx_hal_gpio.o
 .ARM.attributes
                0x00000000000000e3       0x33 Drivers/STM32F1xx_HAL_Driver/Src/stm32f1xx_hal_rcc.o
 .ARM.attributes
                0x0000000000000116       0x33 Drivers/STM32F1xx_HAL_Driver/Src/stm32f1xx_hal_tim.o
 .ARM.attributes
                0x0000000000000149       0x33 Drivers/STM32F1xx_HAL_Driver/Src/stm32f1xx_hal_tim_ex.o
 .ARM.attributes
                0x000000000000017c       0x33 Src/main.o
 .ARM.attributes
                0x00000000000001af       0x33 Src/stm32f1xx_hal_msp.o
 .ARM.attributes
                0x00000000000001e2       0x33 Src/stm32f1xx_it.o
 .ARM.attributes
                0x0000000000000215       0x33 Src/system_stm32f1xx.o
 .ARM.attributes
                0x0000000000000248       0x21 Startup/startup_stm32f103c8tx.o
 .ARM.attributes
                0x0000000000000269       0x33 software/src/SSerial.o
 .ARM.attributes
                0x000000000000029c       0x33 software/src/delay.o
 .ARM.attributes
                0x00000000000002cf       0x33 software/src/exti.o
 .ARM.attributes
                0x0000000000000302       0x33 software/src/gpio.o
 .ARM.attributes
                0x0000000000000335       0x33 software/src/misc.o
 .ARM.attributes
                0x0000000000000368       0x33 software/src/soft_rcc.o
 .ARM.attributes
                0x000000000000039b       0x33 software/src/soft_time.o
 .ARM.attributes
                0x00000000000003ce       0x2d c:/st/stm32cubeide_1.0.1/stm32cubeide/plugins/com.st.stm32cube.ide.mcu.externaltools.gnu-tools-for-stm32.7-2018-q2-update.win32_1.0.0.201904181610/tools/bin/../lib/gcc/arm-none-eabi/7.3.1/../../../../arm-none-eabi/lib/thumb/v7-m\libc_nano.a(lib_a-init.o)
 .ARM.attributes
                0x00000000000003fb       0x2d c:/st/stm32cubeide_1.0.1/stm32cubeide/plugins/com.st.stm32cube.ide.mcu.externaltools.gnu-tools-for-stm32.7-2018-q2-update.win32_1.0.0.201904181610/tools/bin/../lib/gcc/arm-none-eabi/7.3.1/../../../../arm-none-eabi/lib/thumb/v7-m\libc_nano.a(lib_a-memset.o)
 .ARM.attributes
                0x0000000000000428       0x1d c:/st/stm32cubeide_1.0.1/stm32cubeide/plugins/com.st.stm32cube.ide.mcu.externaltools.gnu-tools-for-stm32.7-2018-q2-update.win32_1.0.0.201904181610/tools/bin/../lib/gcc/arm-none-eabi/7.3.1/thumb/v7-m/crtn.o
OUTPUT(fsociety_2.elf elf32-littlearm)

.debug_info     0x0000000000000000    0x13cdc
 .debug_info    0x0000000000000000      0xefa Drivers/STM32F1xx_HAL_Driver/Src/stm32f1xx_hal.o
 .debug_info    0x0000000000000efa     0x1348 Drivers/STM32F1xx_HAL_Driver/Src/stm32f1xx_hal_cortex.o
 .debug_info    0x0000000000002242      0xead Drivers/STM32F1xx_HAL_Driver/Src/stm32f1xx_hal_gpio.o
 .debug_info    0x00000000000030ef     0x1029 Drivers/STM32F1xx_HAL_Driver/Src/stm32f1xx_hal_rcc.o
 .debug_info    0x0000000000004118     0x2a15 Drivers/STM32F1xx_HAL_Driver/Src/stm32f1xx_hal_tim.o
 .debug_info    0x0000000000006b2d     0x17c5 Drivers/STM32F1xx_HAL_Driver/Src/stm32f1xx_hal_tim_ex.o
 .debug_info    0x00000000000082f2     0x13c3 Src/main.o
 .debug_info    0x00000000000096b5     0x111a Src/stm32f1xx_hal_msp.o
 .debug_info    0x000000000000a7cf      0xeb3 Src/stm32f1xx_it.o
 .debug_info    0x000000000000b682      0xc49 Src/system_stm32f1xx.o
 .debug_info    0x000000000000c2cb       0x22 Startup/startup_stm32f103c8tx.o
 .debug_info    0x000000000000c2ed     0x16dd software/src/SSerial.o
 .debug_info    0x000000000000d9ca      0xef6 software/src/delay.o
 .debug_info    0x000000000000e8c0      0xfdc software/src/exti.o
 .debug_info    0x000000000000f89c     0x10ac software/src/gpio.o
 .debug_info    0x0000000000010948     0x127f software/src/misc.o
 .debug_info    0x0000000000011bc7      0xf25 software/src/soft_rcc.o
 .debug_info    0x0000000000012aec     0x11f0 software/src/soft_time.o

.debug_abbrev   0x0000000000000000     0x2715
 .debug_abbrev  0x0000000000000000      0x2bd Drivers/STM32F1xx_HAL_Driver/Src/stm32f1xx_hal.o
 .debug_abbrev  0x00000000000002bd      0x36d Drivers/STM32F1xx_HAL_Driver/Src/stm32f1xx_hal_cortex.o
 .debug_abbrev  0x000000000000062a      0x251 Drivers/STM32F1xx_HAL_Driver/Src/stm32f1xx_hal_gpio.o
 .debug_abbrev  0x000000000000087b      0x2eb Drivers/STM32F1xx_HAL_Driver/Src/stm32f1xx_hal_rcc.o
 .debug_abbrev  0x0000000000000b66      0x2b2 Drivers/STM32F1xx_HAL_Driver/Src/stm32f1xx_hal_tim.o
 .debug_abbrev  0x0000000000000e18      0x28f Drivers/STM32F1xx_HAL_Driver/Src/stm32f1xx_hal_tim_ex.o
 .debug_abbrev  0x00000000000010a7      0x256 Src/main.o
 .debug_abbrev  0x00000000000012fd      0x208 Src/stm32f1xx_hal_msp.o
 .debug_abbrev  0x0000000000001505      0x1cb Src/stm32f1xx_it.o
 .debug_abbrev  0x00000000000016d0      0x1f0 Src/system_stm32f1xx.o
 .debug_abbrev  0x00000000000018c0       0x12 Startup/startup_stm32f103c8tx.o
 .debug_abbrev  0x00000000000018d2      0x25e software/src/SSerial.o
 .debug_abbrev  0x0000000000001b30      0x209 software/src/delay.o
 .debug_abbrev  0x0000000000001d39      0x207 software/src/exti.o
 .debug_abbrev  0x0000000000001f40      0x1e2 software/src/gpio.o
 .debug_abbrev  0x0000000000002122      0x21f software/src/misc.o
 .debug_abbrev  0x0000000000002341      0x1dc software/src/soft_rcc.o
 .debug_abbrev  0x000000000000251d      0x1f8 software/src/soft_time.o

.debug_aranges  0x0000000000000000      0xa08
 .debug_aranges
                0x0000000000000000       0xd0 Drivers/STM32F1xx_HAL_Driver/Src/stm32f1xx_hal.o
 .debug_aranges
                0x00000000000000d0      0x100 Drivers/STM32F1xx_HAL_Driver/Src/stm32f1xx_hal_cortex.o
 .debug_aranges
                0x00000000000001d0       0x58 Drivers/STM32F1xx_HAL_Driver/Src/stm32f1xx_hal_gpio.o
 .debug_aranges
                0x0000000000000228       0x90 Drivers/STM32F1xx_HAL_Driver/Src/stm32f1xx_hal_rcc.o
 .debug_aranges
                0x00000000000002b8      0x368 Drivers/STM32F1xx_HAL_Driver/Src/stm32f1xx_hal_tim.o
 .debug_aranges
                0x0000000000000620      0x138 Drivers/STM32F1xx_HAL_Driver/Src/stm32f1xx_hal_tim_ex.o
 .debug_aranges
                0x0000000000000758       0x40 Src/main.o
 .debug_aranges
                0x0000000000000798       0x30 Src/stm32f1xx_hal_msp.o
 .debug_aranges
                0x00000000000007c8       0x68 Src/stm32f1xx_it.o
 .debug_aranges
                0x0000000000000830       0x28 Src/system_stm32f1xx.o
 .debug_aranges
                0x0000000000000858       0x28 Startup/startup_stm32f103c8tx.o
 .debug_aranges
                0x0000000000000880       0x50 software/src/SSerial.o
 .debug_aranges
                0x00000000000008d0       0x30 software/src/delay.o
 .debug_aranges
                0x0000000000000900       0x30 software/src/exti.o
 .debug_aranges
                0x0000000000000930       0x30 software/src/gpio.o
 .debug_aranges
                0x0000000000000960       0x40 software/src/misc.o
 .debug_aranges
                0x00000000000009a0       0x28 software/src/soft_rcc.o
 .debug_aranges
                0x00000000000009c8       0x40 software/src/soft_time.o

.debug_ranges   0x0000000000000000      0x8f0
 .debug_ranges  0x0000000000000000       0xc0 Drivers/STM32F1xx_HAL_Driver/Src/stm32f1xx_hal.o
 .debug_ranges  0x00000000000000c0       0xf0 Drivers/STM32F1xx_HAL_Driver/Src/stm32f1xx_hal_cortex.o
 .debug_ranges  0x00000000000001b0       0x48 Drivers/STM32F1xx_HAL_Driver/Src/stm32f1xx_hal_gpio.o
 .debug_ranges  0x00000000000001f8       0x80 Drivers/STM32F1xx_HAL_Driver/Src/stm32f1xx_hal_rcc.o
 .debug_ranges  0x0000000000000278      0x358 Drivers/STM32F1xx_HAL_Driver/Src/stm32f1xx_hal_tim.o
 .debug_ranges  0x00000000000005d0      0x128 Drivers/STM32F1xx_HAL_Driver/Src/stm32f1xx_hal_tim_ex.o
 .debug_ranges  0x00000000000006f8       0x30 Src/main.o
 .debug_ranges  0x0000000000000728       0x20 Src/stm32f1xx_hal_msp.o
 .debug_ranges  0x0000000000000748       0x58 Src/stm32f1xx_it.o
 .debug_ranges  0x00000000000007a0       0x18 Src/system_stm32f1xx.o
 .debug_ranges  0x00000000000007b8       0x20 Startup/startup_stm32f103c8tx.o
 .debug_ranges  0x00000000000007d8       0x40 software/src/SSerial.o
 .debug_ranges  0x0000000000000818       0x20 software/src/delay.o
 .debug_ranges  0x0000000000000838       0x20 software/src/exti.o
 .debug_ranges  0x0000000000000858       0x20 software/src/gpio.o
 .debug_ranges  0x0000000000000878       0x30 software/src/misc.o
 .debug_ranges  0x00000000000008a8       0x18 software/src/soft_rcc.o
 .debug_ranges  0x00000000000008c0       0x30 software/src/soft_time.o

.debug_macro    0x0000000000000000    0x1689b
 .debug_macro   0x0000000000000000      0x2fe Drivers/STM32F1xx_HAL_Driver/Src/stm32f1xx_hal.o
 .debug_macro   0x00000000000002fe      0xa5a Drivers/STM32F1xx_HAL_Driver/Src/stm32f1xx_hal.o
 .debug_macro   0x0000000000000d58      0x169 Drivers/STM32F1xx_HAL_Driver/Src/stm32f1xx_hal.o
 .debug_macro   0x0000000000000ec1       0x2e Drivers/STM32F1xx_HAL_Driver/Src/stm32f1xx_hal.o
 .debug_macro   0x0000000000000eef       0x22 Drivers/STM32F1xx_HAL_Driver/Src/stm32f1xx_hal.o
 .debug_macro   0x0000000000000f11       0x22 Drivers/STM32F1xx_HAL_Driver/Src/stm32f1xx_hal.o
 .debug_macro   0x0000000000000f33       0x8e Drivers/STM32F1xx_HAL_Driver/Src/stm32f1xx_hal.o
 .debug_macro   0x0000000000000fc1       0x51 Drivers/STM32F1xx_HAL_Driver/Src/stm32f1xx_hal.o
 .debug_macro   0x0000000000001012       0xef Drivers/STM32F1xx_HAL_Driver/Src/stm32f1xx_hal.o
 .debug_macro   0x0000000000001101       0x6a Drivers/STM32F1xx_HAL_Driver/Src/stm32f1xx_hal.o
 .debug_macro   0x000000000000116b      0x1df Drivers/STM32F1xx_HAL_Driver/Src/stm32f1xx_hal.o
 .debug_macro   0x000000000000134a       0x34 Drivers/STM32F1xx_HAL_Driver/Src/stm32f1xx_hal.o
 .debug_macro   0x000000000000137e       0x34 Drivers/STM32F1xx_HAL_Driver/Src/stm32f1xx_hal.o
 .debug_macro   0x00000000000013b2      0xb8e Drivers/STM32F1xx_HAL_Driver/Src/stm32f1xx_hal.o
 .debug_macro   0x0000000000001f40     0xe911 Drivers/STM32F1xx_HAL_Driver/Src/stm32f1xx_hal.o
 .debug_macro   0x0000000000010851       0x43 Drivers/STM32F1xx_HAL_Driver/Src/stm32f1xx_hal.o
 .debug_macro   0x0000000000010894       0x46 Drivers/STM32F1xx_HAL_Driver/Src/stm32f1xx_hal.o
 .debug_macro   0x00000000000108da       0x18 Drivers/STM32F1xx_HAL_Driver/Src/stm32f1xx_hal.o
 .debug_macro   0x00000000000108f2       0x3c Drivers/STM32F1xx_HAL_Driver/Src/stm32f1xx_hal.o
 .debug_macro   0x000000000001092e       0x34 Drivers/STM32F1xx_HAL_Driver/Src/stm32f1xx_hal.o
 .debug_macro   0x0000000000010962       0x16 Drivers/STM32F1xx_HAL_Driver/Src/stm32f1xx_hal.o
 .debug_macro   0x0000000000010978       0x97 Drivers/STM32F1xx_HAL_Driver/Src/stm32f1xx_hal.o
 .debug_macro   0x0000000000010a0f      0x330 Drivers/STM32F1xx_HAL_Driver/Src/stm32f1xx_hal.o
 .debug_macro   0x0000000000010d3f       0xfd Drivers/STM32F1xx_HAL_Driver/Src/stm32f1xx_hal.o
 .debug_macro   0x0000000000010e3c       0x10 Drivers/STM32F1xx_HAL_Driver/Src/stm32f1xx_hal.o
 .debug_macro   0x0000000000010e4c       0x52 Drivers/STM32F1xx_HAL_Driver/Src/stm32f1xx_hal.o
 .debug_macro   0x0000000000010e9e       0x1f Drivers/STM32F1xx_HAL_Driver/Src/stm32f1xx_hal.o
 .debug_macro   0x0000000000010ebd       0x43 Drivers/STM32F1xx_HAL_Driver/Src/stm32f1xx_hal.o
 .debug_macro   0x0000000000010f00       0x20 Drivers/STM32F1xx_HAL_Driver/Src/stm32f1xx_hal.o
 .debug_macro   0x0000000000010f20      0x1a3 Drivers/STM32F1xx_HAL_Driver/Src/stm32f1xx_hal.o
 .debug_macro   0x00000000000110c3       0x10 Drivers/STM32F1xx_HAL_Driver/Src/stm32f1xx_hal.o
 .debug_macro   0x00000000000110d3       0x1c Drivers/STM32F1xx_HAL_Driver/Src/stm32f1xx_hal.o
 .debug_macro   0x00000000000110ef       0x52 Drivers/STM32F1xx_HAL_Driver/Src/stm32f1xx_hal.o
 .debug_macro   0x0000000000011141       0x40 Drivers/STM32F1xx_HAL_Driver/Src/stm32f1xx_hal.o
 .debug_macro   0x0000000000011181       0x10 Drivers/STM32F1xx_HAL_Driver/Src/stm32f1xx_hal.o
 .debug_macro   0x0000000000011191       0x40 Drivers/STM32F1xx_HAL_Driver/Src/stm32f1xx_hal.o
 .debug_macro   0x00000000000111d1       0xd7 Drivers/STM32F1xx_HAL_Driver/Src/stm32f1xx_hal.o
 .debug_macro   0x00000000000112a8       0x1c Drivers/STM32F1xx_HAL_Driver/Src/stm32f1xx_hal.o
 .debug_macro   0x00000000000112c4       0x3d Drivers/STM32F1xx_HAL_Driver/Src/stm32f1xx_hal.o
 .debug_macro   0x0000000000011301       0x16 Drivers/STM32F1xx_HAL_Driver/Src/stm32f1xx_hal.o
 .debug_macro   0x0000000000011317      0x145 Drivers/STM32F1xx_HAL_Driver/Src/stm32f1xx_hal.o
 .debug_macro   0x000000000001145c       0x57 Drivers/STM32F1xx_HAL_Driver/Src/stm32f1xx_hal.o
 .debug_macro   0x00000000000114b3      0x5c2 Drivers/STM32F1xx_HAL_Driver/Src/stm32f1xx_hal.o
 .debug_macro   0x0000000000011a75      0x28a Drivers/STM32F1xx_HAL_Driver/Src/stm32f1xx_hal.o
 .debug_macro   0x0000000000011cff      0x1cb Drivers/STM32F1xx_HAL_Driver/Src/stm32f1xx_hal.o
 .debug_macro   0x0000000000011eca      0x11e Drivers/STM32F1xx_HAL_Driver/Src/stm32f1xx_hal.o
 .debug_macro   0x0000000000011fe8      0x1b3 Drivers/STM32F1xx_HAL_Driver/Src/stm32f1xx_hal.o
 .debug_macro   0x000000000001219b       0x27 Drivers/STM32F1xx_HAL_Driver/Src/stm32f1xx_hal.o
 .debug_macro   0x00000000000121c2      0x1bc Drivers/STM32F1xx_HAL_Driver/Src/stm32f1xx_hal.o
 .debug_macro   0x000000000001237e       0x34 Drivers/STM32F1xx_HAL_Driver/Src/stm32f1xx_hal.o
 .debug_macro   0x00000000000123b2       0x3c Drivers/STM32F1xx_HAL_Driver/Src/stm32f1xx_hal.o
 .debug_macro   0x00000000000123ee       0x57 Drivers/STM32F1xx_HAL_Driver/Src/stm32f1xx_hal.o
 .debug_macro   0x0000000000012445       0x8c Drivers/STM32F1xx_HAL_Driver/Src/stm32f1xx_hal.o
 .debug_macro   0x00000000000124d1      0x242 Drivers/STM32F1xx_HAL_Driver/Src/stm32f1xx_hal.o
 .debug_macro   0x0000000000012713      0x143 Drivers/STM32F1xx_HAL_Driver/Src/stm32f1xx_hal.o
 .debug_macro   0x0000000000012856      0x853 Drivers/STM32F1xx_HAL_Driver/Src/stm32f1xx_hal.o
 .debug_macro   0x00000000000130a9       0x1f Drivers/STM32F1xx_HAL_Driver/Src/stm32f1xx_hal.o
 .debug_macro   0x00000000000130c8       0x83 Drivers/STM32F1xx_HAL_Driver/Src/stm32f1xx_hal.o
 .debug_macro   0x000000000001314b      0x2da Drivers/STM32F1xx_HAL_Driver/Src/stm32f1xx_hal_cortex.o
 .debug_macro   0x0000000000013425      0x34a Drivers/STM32F1xx_HAL_Driver/Src/stm32f1xx_hal_gpio.o
 .debug_macro   0x000000000001376f      0x2ec Drivers/STM32F1xx_HAL_Driver/Src/stm32f1xx_hal_rcc.o
 .debug_macro   0x0000000000013a5b      0x2da Drivers/STM32F1xx_HAL_Driver/Src/stm32f1xx_hal_tim.o
 .debug_macro   0x0000000000013d35      0x2da Drivers/STM32F1xx_HAL_Driver/Src/stm32f1xx_hal_tim_ex.o
 .debug_macro   0x000000000001400f      0x341 Src/main.o
 .debug_macro   0x0000000000014350       0xc4 Src/main.o
 .debug_macro   0x0000000000014414       0x7d Src/main.o
 .debug_macro   0x0000000000014491       0x82 Src/main.o
 .debug_macro   0x0000000000014513       0xa0 Src/main.o
 .debug_macro   0x00000000000145b3       0x34 Src/main.o
 .debug_macro   0x00000000000145e7      0x100 Src/main.o
 .debug_macro   0x00000000000146e7       0x16 Src/main.o
 .debug_macro   0x00000000000146fd      0x2e4 Src/stm32f1xx_hal_msp.o
 .debug_macro   0x00000000000149e1      0x2ee Src/stm32f1xx_it.o
 .debug_macro   0x0000000000014ccf      0x2e0 Src/system_stm32f1xx.o
 .debug_macro   0x0000000000014faf      0x347 software/src/SSerial.o
 .debug_macro   0x00000000000152f6       0xbe software/src/SSerial.o
 .debug_macro   0x00000000000153b4      0x34f software/src/delay.o
 .debug_macro   0x0000000000015703      0x2f3 software/src/exti.o
 .debug_macro   0x00000000000159f6       0x7c software/src/exti.o
 .debug_macro   0x0000000000015a72      0x2fd software/src/gpio.o
 .debug_macro   0x0000000000015d6f       0x9a software/src/gpio.o
 .debug_macro   0x0000000000015e09      0x303 software/src/misc.o
 .debug_macro   0x000000000001610c       0x77 software/src/misc.o
 .debug_macro   0x0000000000016183      0x2f3 software/src/soft_rcc.o
 .debug_macro   0x0000000000016476       0x2e software/src/soft_rcc.o
 .debug_macro   0x00000000000164a4      0x2fd software/src/soft_time.o
 .debug_macro   0x00000000000167a1       0xfa software/src/soft_time.o

.debug_line     0x0000000000000000     0xaa06
 .debug_line    0x0000000000000000      0x988 Drivers/STM32F1xx_HAL_Driver/Src/stm32f1xx_hal.o
 .debug_line    0x0000000000000988      0xa76 Drivers/STM32F1xx_HAL_Driver/Src/stm32f1xx_hal_cortex.o
 .debug_line    0x00000000000013fe      0x9c0 Drivers/STM32F1xx_HAL_Driver/Src/stm32f1xx_hal_gpio.o
 .debug_line    0x0000000000001dbe      0xa72 Drivers/STM32F1xx_HAL_Driver/Src/stm32f1xx_hal_rcc.o
 .debug_line    0x0000000000002830     0x1752 Drivers/STM32F1xx_HAL_Driver/Src/stm32f1xx_hal_tim.o
 .debug_line    0x0000000000003f82      0xd45 Drivers/STM32F1xx_HAL_Driver/Src/stm32f1xx_hal_tim_ex.o
 .debug_line    0x0000000000004cc7      0x8e8 Src/main.o
 .debug_line    0x00000000000055af      0x7f7 Src/stm32f1xx_hal_msp.o
 .debug_line    0x0000000000005da6      0x884 Src/stm32f1xx_it.o
 .debug_line    0x000000000000662a      0x7fe Src/system_stm32f1xx.o
 .debug_line    0x0000000000006e28       0x7f Startup/startup_stm32f103c8tx.o
 .debug_line    0x0000000000006ea7      0x946 software/src/SSerial.o
 .debug_line    0x00000000000077ed      0x8ca software/src/delay.o
 .debug_line    0x00000000000080b7      0x825 software/src/exti.o
 .debug_line    0x00000000000088dc      0x860 software/src/gpio.o
 .debug_line    0x000000000000913c      0x859 software/src/misc.o
 .debug_line    0x0000000000009995      0x805 software/src/soft_rcc.o
 .debug_line    0x000000000000a19a      0x86c software/src/soft_time.o

.debug_str      0x0000000000000000    0x71f27
 .debug_str     0x0000000000000000    0x6d609 Drivers/STM32F1xx_HAL_Driver/Src/stm32f1xx_hal.o
                                      0x6d9aa (size before relaxing)
 .debug_str     0x000000000006d609      0x30f Drivers/STM32F1xx_HAL_Driver/Src/stm32f1xx_hal_cortex.o
                                      0x6d9be (size before relaxing)
 .debug_str     0x000000000006d918      0x399 Drivers/STM32F1xx_HAL_Driver/Src/stm32f1xx_hal_gpio.o
                                      0x6d705 (size before relaxing)
 .debug_str     0x000000000006dcb1      0x35d Drivers/STM32F1xx_HAL_Driver/Src/stm32f1xx_hal_rcc.o
                                      0x6d733 (size before relaxing)
 .debug_str     0x000000000006e00e     0x1045 Drivers/STM32F1xx_HAL_Driver/Src/stm32f1xx_hal_tim.o
                                      0x6e405 (size before relaxing)
 .debug_str     0x000000000006f053      0x527 Drivers/STM32F1xx_HAL_Driver/Src/stm32f1xx_hal_tim_ex.o
                                      0x6dca2 (size before relaxing)
 .debug_str     0x000000000006f57a     0x1fdf Src/main.o
                                      0x6fb92 (size before relaxing)
 .debug_str     0x0000000000071559       0x25 Src/stm32f1xx_hal_msp.o
                                      0x6da19 (size before relaxing)
 .debug_str     0x000000000007157e       0xb8 Src/stm32f1xx_it.o
                                      0x6d73e (size before relaxing)
 .debug_str     0x0000000000071636       0x69 Src/system_stm32f1xx.o
                                      0x6d3b0 (size before relaxing)
 .debug_str     0x000000000007169f       0x31 Startup/startup_stm32f103c8tx.o
                                         0x53 (size before relaxing)
 .debug_str     0x00000000000716d0      0x515 software/src/SSerial.o
                                      0x6fe4b (size before relaxing)
 .debug_str     0x0000000000071be5       0x43 software/src/delay.o
                                      0x6f62e (size before relaxing)
 .debug_str     0x0000000000071c28       0x4b software/src/exti.o
                                      0x6dab4 (size before relaxing)
 .debug_str     0x0000000000071c73       0x7d software/src/gpio.o
                                      0x6e185 (size before relaxing)
 .debug_str     0x0000000000071cf0      0x11d software/src/misc.o
                                      0x6dd4a (size before relaxing)
 .debug_str     0x0000000000071e0d       0x67 software/src/soft_rcc.o
                                      0x6d87a (size before relaxing)
 .debug_str     0x0000000000071e74       0xb3 software/src/soft_time.o
                                      0x6e239 (size before relaxing)

.comment        0x0000000000000000       0x7b
 .comment       0x0000000000000000       0x7b Drivers/STM32F1xx_HAL_Driver/Src/stm32f1xx_hal.o
                                         0x7c (size before relaxing)
 .comment       0x000000000000007b       0x7c Drivers/STM32F1xx_HAL_Driver/Src/stm32f1xx_hal_cortex.o
 .comment       0x000000000000007b       0x7c Drivers/STM32F1xx_HAL_Driver/Src/stm32f1xx_hal_gpio.o
 .comment       0x000000000000007b       0x7c Drivers/STM32F1xx_HAL_Driver/Src/stm32f1xx_hal_rcc.o
 .comment       0x000000000000007b       0x7c Drivers/STM32F1xx_HAL_Driver/Src/stm32f1xx_hal_tim.o
 .comment       0x000000000000007b       0x7c Drivers/STM32F1xx_HAL_Driver/Src/stm32f1xx_hal_tim_ex.o
 .comment       0x000000000000007b       0x7c Src/main.o
 .comment       0x000000000000007b       0x7c Src/stm32f1xx_hal_msp.o
 .comment       0x000000000000007b       0x7c Src/stm32f1xx_it.o
 .comment       0x000000000000007b       0x7c Src/system_stm32f1xx.o
 .comment       0x000000000000007b       0x7c software/src/SSerial.o
 .comment       0x000000000000007b       0x7c software/src/delay.o
 .comment       0x000000000000007b       0x7c software/src/exti.o
 .comment       0x000000000000007b       0x7c software/src/gpio.o
 .comment       0x000000000000007b       0x7c software/src/misc.o
 .comment       0x000000000000007b       0x7c software/src/soft_rcc.o
 .comment       0x000000000000007b       0x7c software/src/soft_time.o

.debug_frame    0x0000000000000000     0x2728
 .debug_frame   0x0000000000000000      0x2fc Drivers/STM32F1xx_HAL_Driver/Src/stm32f1xx_hal.o
 .debug_frame   0x00000000000002fc      0x428 Drivers/STM32F1xx_HAL_Driver/Src/stm32f1xx_hal_cortex.o
 .debug_frame   0x0000000000000724      0x14c Drivers/STM32F1xx_HAL_Driver/Src/stm32f1xx_hal_gpio.o
 .debug_frame   0x0000000000000870      0x21c Drivers/STM32F1xx_HAL_Driver/Src/stm32f1xx_hal_rcc.o
 .debug_frame   0x0000000000000a8c      0xfb4 Drivers/STM32F1xx_HAL_Driver/Src/stm32f1xx_hal_tim.o
 .debug_frame   0x0000000000001a40      0x54c Drivers/STM32F1xx_HAL_Driver/Src/stm32f1xx_hal_tim_ex.o
 .debug_frame   0x0000000000001f8c       0xbc Src/main.o
 .debug_frame   0x0000000000002048       0x80 Src/stm32f1xx_hal_msp.o
 .debug_frame   0x00000000000020c8      0x128 Src/stm32f1xx_it.o
 .debug_frame   0x00000000000021f0       0x58 Src/system_stm32f1xx.o
 .debug_frame   0x0000000000002248       0xfc software/src/SSerial.o
 .debug_frame   0x0000000000002344       0x78 software/src/delay.o
 .debug_frame   0x00000000000023bc       0x88 software/src/exti.o
 .debug_frame   0x0000000000002444       0x88 software/src/gpio.o
 .debug_frame   0x00000000000024cc       0xd8 software/src/misc.o
 .debug_frame   0x00000000000025a4       0x60 software/src/soft_rcc.o
 .debug_frame   0x0000000000002604       0xd8 software/src/soft_time.o
 .debug_frame   0x00000000000026dc       0x2c c:/st/stm32cubeide_1.0.1/stm32cubeide/plugins/com.st.stm32cube.ide.mcu.externaltools.gnu-tools-for-stm32.7-2018-q2-update.win32_1.0.0.201904181610/tools/bin/../lib/gcc/arm-none-eabi/7.3.1/../../../../arm-none-eabi/lib/thumb/v7-m\libc_nano.a(lib_a-init.o)
 .debug_frame   0x0000000000002708       0x20 c:/st/stm32cubeide_1.0.1/stm32cubeide/plugins/com.st.stm32cube.ide.mcu.externaltools.gnu-tools-for-stm32.7-2018-q2-update.win32_1.0.0.201904181610/tools/bin/../lib/gcc/arm-none-eabi/7.3.1/../../../../arm-none-eabi/lib/thumb/v7-m\libc_nano.a(lib_a-memset.o)
